// Jest Snapshot v1, https://goo.gl/fbAQLP

exports[`Route Not found 1`] = `
Transport {
  "request": Request {
    "body": "",
    "headers": Headers {
      Symbol(): Map {},
    },
    "route": "/wrong-uri",
  },
  "response": Object {
    "code": 404,
    "status": "Page not found",
  },
  Symbol(): true,
}
`;

exports[`Route Success 1`] = `
Transport {
  "request": Request {
    "body": "{\\"name\\":\\"World\\"}",
    "headers": Headers {
      Symbol(): Map {
        "content-type" => "application/json",
      },
    },
    "route": "/u/123",
  },
  "response": "Hello, World!",
  Symbol(): true,
}
`;
