// Jest Snapshot v1, https://goo.gl/fbAQLP

exports[`DateTime begins/ends() 1`] = `
Array [
  Object {
    "begins": 2020-02-12T12:35:13.000Z,
    "ends": 2020-02-12T12:35:13.999Z,
  },
  Object {
    "begins": 2020-02-12T12:35:00.000Z,
    "ends": 2020-02-12T12:35:59.999Z,
  },
  Object {
    "begins": 2020-02-12T12:00:00.000Z,
    "ends": 2020-02-12T12:59:59.999Z,
  },
  Object {
    "begins": 2020-02-11T21:00:00.000Z,
    "ends": 2020-02-12T20:59:59.999Z,
  },
  Object {
    "begins": 2020-01-30T21:00:00.000Z,
    "ends": 2020-02-29T20:59:59.999Z,
  },
  Object {
    "begins": 2019-12-30T21:00:00.000Z,
    "ends": 2020-12-31T20:59:59.999Z,
  },
]
`;

exports[`DateTime mutate() 1`] = `
Array [
  2020-02-12T12:35:13.223Z,
  2020-02-12T12:35:23.123Z,
  2020-02-12T12:25:13.123Z,
  2020-02-12T14:35:13.123Z,
  2020-02-11T12:35:13.123Z,
  2015-02-12T12:35:13.123Z,
]
`;

exports[`DateTime set() 1`] = `
Array [
  2020-02-12T12:35:13.333Z,
  2020-02-12T12:35:22.123Z,
  2020-02-12T12:11:13.123Z,
  2020-02-11T21:35:13.123Z,
  2020-02-11T12:35:13.123Z,
  2022-02-12T12:35:13.123Z,
]
`;
