// Jest Snapshot v1, https://goo.gl/fbAQLP

exports[`Response Main 1`] = `
Array [
  FooMessage {
    "payload": true,
  },
  BarMessage {
    "payload": 2,
  },
]
`;

exports[`Response Main 2`] = `
Array [
  Object {
    "error": [Error: Rejected],
    "message": BarMessage {
      "payload": 1,
    },
    "status": false,
  },
]
`;
