// Jest Snapshot v1, https://goo.gl/fbAQLP

exports[`Route Success 1`] = `
Object {
  "request": Request {
    "body": "{\\"name\\":\\"World\\"}",
    "headers": Object {
      "content-type": "application/json",
    },
    "route": "/u/123",
  },
  "response": "Hello, World!",
}
`;
