// Jest Snapshot v1, https://goo.gl/fbAQLP

exports[`Request FormTransform 1`] = `
{
  "foo": "bar",
  "key": "value",
}
`;

exports[`Request JSONTransform 1`] = `
{
  "field1": "Value1",
  "num": 123,
}
`;
