// Jest Snapshot v1, https://goo.gl/fbAQLP

exports[`Log format test debug log formatter 1`] = `
"2020-03-30T13:17:25.816Z INFO host=srv2 pid=6611 label=Test group=G-7782
Log message
[
  1,
  {
    \\"foo\\": \\"123\\"
  }
]
"
`;

exports[`Log format test default log formatter 1`] = `"{\\"pid\\":5761,\\"label\\":\\"Test\\",\\"message\\":\\"Log message\\",\\"args\\":[1,{\\"foo\\":\\"123\\"}],\\"groupId\\":\\"groupId\\",\\"host\\":\\"srv1\\",\\"timestamp\\":1585574245816,\\"severity\\":0}"`;

exports[`Log format test readable JSON log formatter 1`] = `
"{
  \\"pid\\": 5761,
  \\"label\\": \\"Test\\",
  \\"message\\": \\"Log message\\",
  \\"args\\": [
    1,
    {
      \\"foo\\": \\"123\\"
    }
  ],
  \\"groupId\\": \\"groupId\\",
  \\"host\\": \\"srv1\\",
  \\"timestamp\\": 1585574245816,
  \\"severity\\": 5
}"
`;
