// Jest Snapshot v1, https://goo.gl/fbAQLP

exports[`Logger should log logable error 1`] = `
Array [
  "Error: Error
    at Object.<anonymous> (/Users/abir/dev/public/typesafeunit/packages/util/test/src/logger/Logger.test.ts:47:31)
    at Object.asyncJestTest (/Users/abir/dev/public/typesafeunit/node_modules/jest-jasmine2/build/jasmineAsyncInstall.js:106:37)
    at /Users/abir/dev/public/typesafeunit/node_modules/jest-jasmine2/build/queueRunner.js:45:12
    at new Promise (<anonymous>)
    at mapper (/Users/abir/dev/public/typesafeunit/node_modules/jest-jasmine2/build/queueRunner.js:28:19)
    at /Users/abir/dev/public/typesafeunit/node_modules/jest-jasmine2/build/queueRunner.js:75:41
    at processTicksAndRejections (internal/process/task_queues.js:93:5)",
  Object {
    "value": Object {
      "test": "value",
    },
  },
]
`;
