// Jest Snapshot v1, https://goo.gl/fbAQLP

exports[`DateTime begins/ends() 1`] = `
[
  {
    "begins": 2020-02-12T12:35:13.000Z,
    "ends": 2020-02-12T12:35:13.999Z,
    "kind": "sec",
  },
  {
    "begins": 2020-02-12T12:35:00.000Z,
    "ends": 2020-02-12T12:35:59.999Z,
    "kind": "min",
  },
  {
    "begins": 2020-02-12T12:00:00.000Z,
    "ends": 2020-02-12T12:59:59.999Z,
    "kind": "hour",
  },
  {
    "begins": 2020-02-11T21:00:00.000Z,
    "ends": 2020-02-12T20:59:59.999Z,
    "kind": "day",
  },
  {
    "begins": 2020-01-30T21:00:00.000Z,
    "ends": 2020-02-29T20:59:59.999Z,
    "kind": "month",
  },
  {
    "begins": 2019-12-30T21:00:00.000Z,
    "ends": 2020-12-31T20:59:59.999Z,
    "kind": "year",
  },
]
`;

exports[`DateTime mutate() 1`] = `
[
  [
    "ms",
    100,
    2020-02-12T12:35:13.223Z,
  ],
  [
    "sec",
    10,
    2020-02-12T12:35:23.123Z,
  ],
  [
    "min",
    -10,
    2020-02-12T12:25:13.123Z,
  ],
  [
    "week",
    -1,
    2020-02-05T12:35:13.123Z,
  ],
  [
    "week",
    2,
    2020-02-26T12:35:13.123Z,
  ],
  [
    "month",
    3,
    2020-05-12T12:35:13.123Z,
  ],
  [
    "hour",
    2,
    2020-02-12T14:35:13.123Z,
  ],
  [
    "day",
    -1,
    2020-02-11T12:35:13.123Z,
  ],
  [
    "year",
    -5,
    2015-02-12T12:35:13.123Z,
  ],
]
`;

exports[`DateTime set() 1`] = `
[
  [
    "ms",
    333,
    2020-02-12T12:35:13.333Z,
  ],
  [
    "sec",
    22,
    2020-02-12T12:35:22.123Z,
  ],
  [
    "min",
    11,
    2020-02-12T12:11:13.123Z,
  ],
  [
    "hour",
    0,
    2020-02-11T21:35:13.123Z,
  ],
  [
    "month",
    2,
    2020-02-02T12:35:13.123Z,
  ],
  [
    "day",
    11,
    2020-02-11T12:35:13.123Z,
  ],
  [
    "year",
    2022,
    2022-02-12T12:35:13.123Z,
  ],
]
`;
