// Jest Snapshot v1, https://goo.gl/fbAQLP

exports[`Cli Parser should work 1`] = `
{
  "f": true,
  "kv": "value",
  "not": false,
  "port": "123",
}
`;
